../Core/Src/main.c:86:5:main	8	static
../Core/Src/main.c:140:6:SystemClock_Config	88	static
../Core/Src/main.c:184:13:MX_USART2_UART_Init	8	static
../Core/Src/main.c:213:13:MX_DMA_Init	16	static
../Core/Src/main.c:233:13:MX_GPIO_Init	48	static
../Core/Src/main.c:265:6:UARTDMAConfig	8	static
../Core/Src/main.c:270:6:HAL_UART_RxCpltCallback	16	static
../Core/Src/main.c:276:6:handleState	120	static
../Core/Src/main.c:345:6:homePage	176	static
../Core/Src/main.c:356:6:ledPage	256	static
../Core/Src/main.c:371:6:buttonPageP	176	static
../Core/Src/main.c:382:6:buttonPageUp	176	static
../Core/Src/main.c:393:6:buttonStatus	8	static
../Core/Src/main.c:403:6:DummyTask	8	static
../Core/Src/main.c:416:6:Error_Handler	4	static,ignoring_inline_asm
