../Core/Src/main.c:79:5:main	8	static
../Core/Src/main.c:125:6:SystemClock_Config	88	static
../Core/Src/main.c:169:13:MX_USART2_UART_Init	8	static
../Core/Src/main.c:198:13:MX_DMA_Init	16	static
../Core/Src/main.c:218:13:MX_GPIO_Init	48	static
../Core/Src/main.c:250:6:UARTDMAConfig	8	static
../Core/Src/main.c:255:6:HAL_UART_RxCpltCallback	16	static
../Core/Src/main.c:261:6:handleState	80	static
../Core/Src/main.c:314:6:homePage	176	static
../Core/Src/main.c:325:6:ledPage	256	static
../Core/Src/main.c:340:6:buttonPage	176	static
../Core/Src/main.c:350:6:DummyTask	8	static
../Core/Src/main.c:363:6:Error_Handler	4	static,ignoring_inline_asm
